
**** Build of configuration Debug for project tc234Autosar ****

"D:\\Program Files (x86)\\TASKING\\TriCore v6.2r2\\ctc\\bin\\amk" -j8 all 
Compiling EcuM_Cfg.c
Compiling MemIf_Cfg.c
Compiling WdgIf_Lcfg.c
Compiling Adc_PBCfg.c
Compiling Dio_PBCfg.c
Compiling Fee_PBCfg.c
Compiling Fls_17_Pmu_PBCfg.c
Compiling Gpt_PBCfg.c
Compiling Gtm_LCfg.c
Compiling Gtm_PBCfg.c
Compiling Icu_17_GtmCcu6_PBCfg.c
Compiling Mcu_PBCfg.c
Compiling Port_PBCfg.c
Compiling Pwm_17_Gtm_PBCfg.c
Compiling Spi_PBCfg.c
Compiling Wdg_17_Scu_PBCfg.c
Compiling EcuM_Callout_Stubs.c
Compiling EcuM.c
Compiling WdgM.c
Compiling Adc.c
Compiling Adc_Calibration.c
Compiling Adc_ConvHandle.c
Compiling Adc_HwHandle.c
Compiling Adc_Ver.c
Compiling Dio.c
Compiling Dio_Ver.c
Compiling Fee.c
Compiling Fee_Ver.c
Compiling Fls_17_Pmu.c
Compiling Fls_17_Pmu_ac.c
Compiling Fls_17_Pmu_Ver.c
Compiling Gpt.c
Compiling Gpt_Ver.c
Compiling Icu_17_GtmCcu6.c
Compiling Icu_17_GtmCcu6_Safe.c
Compiling Icu_17_GtmCcu6_Ver.c
Compiling Gtm.c
Compiling Gtm_Platform.c
Compiling Mcu.c
Compiling Mcu_Crc.c
Compiling Mcu_Dma.c
Compiling Mcu_Platform.c
Compiling Mcu_Ver.c
Compiling Port.c
Compiling Pwm_17_Gtm.c
Compiling Pwm_17_Gtm_Ver.c
Compiling Spi.c
Compiling Spi_Ver.c
Compiling SpiSlave.c
ctc W557: ["..\Appl\Source\EcuM_Callout_Stubs.c" 146/12] possible infinite loop
ctc W557: ["..\Appl\Source\EcuM_Callout_Stubs.c" 684/12] possible infinite loop
0 errors, 2 warnings
Compiling Wdg_17_Scu.c
Compiling Wdg_17_Scu_Safe.c
Linking to tc234Autosar.elf

Time consumed: 20680 ms
**** End of build ****

Tool info: 
TASKING VX-toolset for TriCore: control program v6.2r2 Build 19032145
TASKING program builder v6.2r2 Build 18041957
TASKING VX-toolset for TriCore: object link v6.2r2 Build 18041957 SN 53216552
TASKING VX-toolset for TriCore: C compiler v6.2r2 Build 18041957 SN 53216552
TASKING VX-toolset for TriCore: assembler v6.2r2 Build 19032145
