2026-06-17 - 10:39:05
Workflow 'Update workflow.' started.
              Using DaVinci Configurator (beta)5.16.31 SP1 (x86_64).
 10:39:05 - Action 'Validate workflow environment' started.
 10:39:05 - Action 'Validate dpa file' started.
 10:39:05 - Action 'Validate dpa file' successfully finished.
 10:39:05 - Action 'SLP conformance check' started.
 10:39:05 - Action 'SLP conformance check' successfully finished.
 10:39:05 - Action 'Validate input files' started.
 10:39:05 - Action 'Validate input files' successfully finished.
 10:39:05 - Action 'Validate workflow environment' successfully finished.
 10:39:05 - Action 'File Pre Processing' started.
 10:39:05 - Action 'Processing the input files' started.
 10:39:05 - Action 'Processing' started.
              Start converting legacy file(s): E:\workFiles\newAutosar\Vector\Applications\SipAddon\tc234Autosar\Config_Vector\CAN.dbc.
 10:39:05 - Action 'Converting legacy file(s) to AUTOSAR files' started.
 10:39:05 - Action 'Converting legacy file(s) to AUTOSAR files' started.
              Convert legacy file(s) to System Description.
              Used executable: E:\workFiles\newAutosar\Vector\Generators\LegacyDb2SystemDescrConverter\LegacyDb2SystemDescrConverter.exe.
              Arguments: "E:\workFiles\newAutosar\Vector\Applications\SipAddon\tc234Autosar\Config_Vector\CAN.dbc" -o "C:\Users\Qxiong\AppData\Local\Temp\DaVinci\Cfg-4231361\LegacyConverterResults\1781663945449-0\ConvertedLegacy" -r 42 -e -v 19.
              
              Vector Legacy Database Converter.
              Version: 1.8.19.0.
              Copyright (c) 2018 Vector Informatik GmbH.
              License is restricted to the usage with CBD1700982 (D00) for MSR_Vector_SLP4.
              
              [info] Command line: E:\workFiles\newAutosar\Vector\Generators\LegacyDb2SystemDescrConverter\LegacyDb2SystemDescrConverter.exe "E:\workFiles\newAutosar\Vector\Applications\SipAddon\tc234Autosar\Config_Vector\CAN.dbc" -o "C:\Users\Qxiong\AppData\Local\Temp\DaVinci\Cfg-4231361\LegacyConverterResults\1781663945449-0\ConvertedLegacy" -r 42 -e -v 19.
              [info] Converting DBC file E:\workFiles\newAutosar\Vector\Applications\SipAddon\tc234Autosar\Config_Vector\CAN.dbc.
              [error] DBC attribute definition GenMsgSendType has unknown default value cyclicX.
              [error] DBC attribute definition GenSigSendType has unknown default value cyclicX.
              [warning] CAN network CAN00 has unknown NM type 'Asr'.
                    ==> NM type 'NmAsr' is taken instead.
              [info] Writing System Description...
              [info] Writing 3 ECU Extracts...
              
              C:\Users\Qxiong\AppData\Local\Temp\DaVinci\Cfg-4231361\LegacyConverterResults\1781663945449-0\ConvertedLegacy.arxml.
              C:\Users\Qxiong\AppData\Local\Temp\DaVinci\Cfg-4231361\LegacyConverterResults\1781663945449-0\ConvertedLegacy_MyECU.arxml.
              C:\Users\Qxiong\AppData\Local\Temp\DaVinci\Cfg-4231361\LegacyConverterResults\1781663945449-0\ConvertedLegacy_RearECU.arxml.
              C:\Users\Qxiong\AppData\Local\Temp\DaVinci\Cfg-4231361\LegacyConverterResults\1781663945449-0\ConvertedLegacy_Tester.arxml.
              Elapsed time: 1.342 seconds.
              2 Errors.
              1 Warnings.
              [Warning] Legacy Converter finished with errors/warnings.
 10:39:07 - Action 'Converting legacy file(s) to AUTOSAR files' successfully finished with warnings.
                 [Warning] Legacy Converter finished with errors/warnings.
 10:39:07 - Action 'Converting legacy file(s) to AUTOSAR files' successfully finished with warnings.
                 [Warning] Legacy Converter finished with errors/warnings.
              Legacy converter result file: C:\Users\Qxiong\AppData\Local\Temp\DaVinci\Cfg-4231361\LegacyConverterResults\1781663945449-0\ConvertedLegacy_MyECU.arxml.
 10:39:07 - Action 'Processing' finished.
 10:39:07 - Action 'Evaluate system extract paths' started.
 10:39:07 - Action 'Evaluate system extract paths' successfully finished.
 10:39:07 - Action 'Processing the input files' finished.
 10:39:07 - Action 'File Pre Processing' finished.
 10:39:07 - Action 'Creating back up' started.
              Create backup folder: 'E:\workFiles\newAutosar\Vector\Applications\SipAddon\tc234Autosar\Backups\backup_dvpa_2026-06-17_10-39-05'.
              Copied project file from: 'E:\workFiles\newAutosar\Vector\Applications\SipAddon\tc234Autosar\TsiStandard.dpa' to 'E:\workFiles\newAutosar\Vector\Applications\SipAddon\tc234Autosar\Backups\backup_dvpa_2026-06-17_10-39-05\TsiStandard.dpa'.
              Copied ECUC folder from: 'E:\workFiles\newAutosar\Vector\Applications\SipAddon\tc234Autosar\Config\ECUC' to 'E:\workFiles\newAutosar\Vector\Applications\SipAddon\tc234Autosar\Backups\backup_dvpa_2026-06-17_10-39-05\Config\ECUC'.
              Copied 'System' folder from: 'E:\workFiles\newAutosar\Vector\Applications\SipAddon\tc234Autosar\Config\System' to 'E:\workFiles\newAutosar\Vector\Applications\SipAddon\tc234Autosar\Backups\backup_dvpa_2026-06-17_10-39-05\Config\System'.
              Copied DaVinci Developer Workspace folder from: 'E:\workFiles\newAutosar\Vector\Applications\SipAddon\tc234Autosar\Config\Developer' to 'E:\workFiles\newAutosar\Vector\Applications\SipAddon\tc234Autosar\Backups\backup_dvpa_2026-06-17_10-39-05\Config\Developer'.
              Copied BSW internal behavior folder from: 'E:\workFiles\newAutosar\Vector\Applications\SipAddon\tc234Autosar\Config\InternalBehavior' to 'E:\workFiles\newAutosar\Vector\Applications\SipAddon\tc234Autosar\Backups\backup_dvpa_2026-06-17_10-39-05\Config\InternalBehavior'.
              Copied SWC files folder from: 'E:\workFiles\newAutosar\Vector\Applications\SipAddon\tc234Autosar\Config\ServiceComponents' to 'E:\workFiles\newAutosar\Vector\Applications\SipAddon\tc234Autosar\Backups\backup_dvpa_2026-06-17_10-39-05\Config\ServiceComponents'.
              Copied Application Components files folder from: '[Ljava.lang.String;@578fe956' to 'E:\workFiles\newAutosar\Vector\Applications\SipAddon\tc234Autosar\Backups\backup_dvpa_2026-06-17_10-39-05\Config\ApplicationComponents'.
              Copied Definition Restriction files folder from: 'E:\workFiles\newAutosar\Vector\Applications\SipAddon\tc234Autosar\DefRestrict' to 'E:\workFiles\newAutosar\Vector\Applications\SipAddon\tc234Autosar\Backups\backup_dvpa_2026-06-17_10-39-05\DefRestrict'.
 10:39:07 - Action 'Creating back up' successfully finished.
 10:39:07 - Action 'Close Project' started.
 10:39:08 - Action 'Close Project' successfully finished.
 10:39:22 - Action 'Create copy of the Project' started.
              Copy project 'E:\workFiles\newAutosar\Vector\Applications\SipAddon\tc234Autosar' to 'C:\Users\Qxiong\AppData\Local\Temp\DaVinci\Cfg-4231361\Workflow\1781663962661-0'...
              Adjusting DPA file of copied project...
 10:39:23 - Action 'Create copy of the Project' successfully finished.
 10:39:23 - Action 'Prepare DaVinci Developer update data' started.
 10:39:23 - Action 'Prepare DaVinci Developer update data' successfully finished.
 10:39:23 - Action 'Prepare data for update' started.
 10:39:23 - Action 'Prepare data for update' successfully finished.
 10:39:23 - Action 'Prepare System Extract' started.
 10:39:24 - Action 'Preprocessing System Extract' started.
 10:39:24 - Action 'Preprocessing System Extract' successfully finished.
 10:39:24 - Action 'Create OEM Communication Extract' started.
 10:39:24 - Action 'Create OEM Communication Extract' successfully finished.
 10:39:24 - Action 'Prepare System Extract' successfully finished.
 10:39:24 - Action 'Updating the project' started.
 10:39:27 - Action 'Generate ECU configuration' started.
 10:39:29 - Action 'Generate ECU configuration' successfully finished.
 10:39:29 - Action 'Update ECU configuration' started.
 10:39:34 - Action 'Update ECU configuration' successfully finished.
 10:39:34 - Action 'Updating the project' successfully finished.
 10:39:34 - Action 'Adapt project file' started.
 10:39:34 - Action 'Adapt project file' successfully finished.
 10:39:34 - Action 'Generate update report' started.
 10:39:43 - Action 'Generate update report' successfully finished.
 10:39:43 - Action 'Execute Solving Actions' started.
              Executing Auto-Solving-Actions...
              Auto-Solving-Actions done.
              Executing update specific Preferred-Solving-Actions...
              Update specific Preferred-Solving-Actions done.
 10:39:45 - Action 'Execute Solving Actions' successfully finished.
 10:39:45 - Action 'Update DaVinci Developer Workspace' started.
              ﻿17 Jun 2026 10:39:51 - Opening workspace 'C:\Users\Qxiong\AppData\Local\Temp\DaVinci\Cfg-4231361\Workflow\1781663962661-0\Config\Developer\TsiStandard.dcf'...
              17 Jun 2026 10:39:51 - DPA referenced file or directory PlatformDevelopmentFunctions.arxml not found! (C:\Users\Qxiong\AppData\Local\Temp\DaVinci\Cfg-4231361\Workflow\1781663962661-0\Update\DevData\Config\System\PlatformDevelopmentFunctions.arxml).
              17 Jun 2026 10:39:56 - Loading file PlatformTypes_AR4.arxml (C:\Users\Qxiong\AppData\Local\Temp\DaVinci\Cfg-4231361\Workflow\1781663962661-0\Config\AUTOSAR\PlatformTypes_AR4.arxml).
              17 Jun 2026 10:39:56 - Loading file BswM_swc.arxml (C:\Users\Qxiong\AppData\Local\Temp\DaVinci\Cfg-4231361\Workflow\1781663962661-0\Config\ServiceComponents\BswM_swc.arxml).
              17 Jun 2026 10:39:56 - Loading file ComM_swc.arxml (C:\Users\Qxiong\AppData\Local\Temp\DaVinci\Cfg-4231361\Workflow\1781663962661-0\Config\ServiceComponents\ComM_swc.arxml).
              17 Jun 2026 10:39:56 - Loading file Dem_swc.arxml (C:\Users\Qxiong\AppData\Local\Temp\DaVinci\Cfg-4231361\Workflow\1781663962661-0\Config\ServiceComponents\Dem_swc.arxml).
              17 Jun 2026 10:39:56 - Loading file Det_swc.arxml (C:\Users\Qxiong\AppData\Local\Temp\DaVinci\Cfg-4231361\Workflow\1781663962661-0\Config\ServiceComponents\Det_swc.arxml).
              17 Jun 2026 10:39:56 - Loading file EcuM_swc.arxml (C:\Users\Qxiong\AppData\Local\Temp\DaVinci\Cfg-4231361\Workflow\1781663962661-0\Config\ServiceComponents\EcuM_swc.arxml).
              17 Jun 2026 10:39:56 - Loading file IoHwAb_swc.arxml (C:\Users\Qxiong\AppData\Local\Temp\DaVinci\Cfg-4231361\Workflow\1781663962661-0\Config\ServiceComponents\IoHwAb_swc.arxml).
              17 Jun 2026 10:39:56 - Loading file NvM_swc.arxml (C:\Users\Qxiong\AppData\Local\Temp\DaVinci\Cfg-4231361\Workflow\1781663962661-0\Config\ServiceComponents\NvM_swc.arxml).
              17 Jun 2026 10:39:56 - Loading file Os_swc.arxml (C:\Users\Qxiong\AppData\Local\Temp\DaVinci\Cfg-4231361\Workflow\1781663962661-0\Config\ServiceComponents\Os_swc.arxml).
              17 Jun 2026 10:39:56 - Loading file StartApplication_swc.arxml (C:\Users\Qxiong\AppData\Local\Temp\DaVinci\Cfg-4231361\Workflow\1781663962661-0\Config\ServiceComponents\StartApplication_swc.arxml).
              17 Jun 2026 10:39:56 - Loading file WdgM_swc.arxml (C:\Users\Qxiong\AppData\Local\Temp\DaVinci\Cfg-4231361\Workflow\1781663962661-0\Config\ServiceComponents\WdgM_swc.arxml).
              17 Jun 2026 10:39:56 - Loading file ConvertedLegacy_MyECU_Communication.arxml (C:\Users\Qxiong\AppData\Local\Temp\DaVinci\Cfg-4231361\Workflow\1781663962661-0\Update\DevData\ConvertedLegacy_MyECU_Communication.arxml).
              17 Jun 2026 10:39:56 - Loading file AppCom.arxml (C:\Users\Qxiong\AppData\Local\Temp\DaVinci\Cfg-4231361\Workflow\1781663962661-0\Config\Developer\AppCom.arxml).
              17 Jun 2026 10:39:56 - Loading file DataTypes.arxml (C:\Users\Qxiong\AppData\Local\Temp\DaVinci\Cfg-4231361\Workflow\1781663962661-0\Config\Developer\DataTypes.arxml).
              17 Jun 2026 10:39:56 - Loading file Packages.arxml (C:\Users\Qxiong\AppData\Local\Temp\DaVinci\Cfg-4231361\Workflow\1781663962661-0\Config\Developer\Packages.arxml).
              17 Jun 2026 10:39:56 - Loading file PortInterfaces.arxml (C:\Users\Qxiong\AppData\Local\Temp\DaVinci\Cfg-4231361\Workflow\1781663962661-0\Config\Developer\PortInterfaces.arxml).
              17 Jun 2026 10:39:56 - Loading file TsiStandard.arxml (C:\Users\Qxiong\AppData\Local\Temp\DaVinci\Cfg-4231361\Workflow\1781663962661-0\Config\Developer\TsiStandard.arxml).
              17 Jun 2026 10:39:58 - Opened workspace 'C:\Users\Qxiong\AppData\Local\Temp\DaVinci\Cfg-4231361\Workflow\1781663962661-0\Config\Developer\TsiStandard.dcf' successfully.
              17 Jun 2026 10:39:59 - Start import.
              17 Jun 2026 10:39:59 - Importing file (C:\Users\Qxiong\AppData\Local\Temp\DaVinci\Cfg-4231361\Workflow\1781663962661-0\Config\System\ConvertedLegacy_MyECU.arxml).
              17 Jun 2026 10:40:00 - Merging imported data.
              17 Jun 2026 10:40:00 - Finished import.
              17 Jun 2026 10:40:00 - Saving workspace 'C:\Users\Qxiong\AppData\Local\Temp\DaVinci\Cfg-4231361\Workflow\1781663962661-0\Config\Developer\TsiStandard.dcf'...
              17 Jun 2026 10:40:00 - Saving file DataTypes.arxml (C:\Users\Qxiong\AppData\Local\Temp\DaVinci\Cfg-4231361\Workflow\1781663962661-0\Config\Developer\DataTypes.arxml).
              17 Jun 2026 10:40:00 - Saved workspace 'C:\Users\Qxiong\AppData\Local\Temp\DaVinci\Cfg-4231361\Workflow\1781663962661-0\Config\Developer\TsiStandard.dcf' successfully.
              17 Jun 2026 10:40:00 - Closing workspace 'C:\Users\Qxiong\AppData\Local\Temp\DaVinci\Cfg-4231361\Workflow\1781663962661-0\Config\Developer\TsiStandard.dcf'...
              17 Jun 2026 10:40:00 - Closed workspace 'C:\Users\Qxiong\AppData\Local\Temp\DaVinci\Cfg-4231361\Workflow\1781663962661-0\Config\Developer\TsiStandard.dcf' successfully.
              OK.
 10:40:01 - Action 'Update DaVinci Developer Workspace' successfully finished.
 10:40:01 - Action 'Update RTE configuration' started.
 10:40:02 - Action 'Update RTE configuration' successfully finished.
 10:40:02 - Action 'Align differences after successful update' started.
 10:40:02 - Action 'Align differences after successful update' successfully finished.
 10:40:02 - Action 'Clean up update data' started.
 10:40:02 - Action 'Clean up update data' successfully finished.
 10:40:06 - Action 'Open Project' started.
 10:40:14 - Action 'Open Project' successfully finished.
10:40:14 - Workflow 'Update workflow.' finished.
